// Jest Snapshot v1, https://goo.gl/fbAQLP

exports[`<PostCard /> should match snapshot 1`] = `
<div
  class="post"
>
  <img
    alt="Título"
    src="img/img.png"
  />
  <div
    class="post-content"
  >
    <h2>
      1
      : 
      Título
    </h2>
    <p>
      Corpo
    </p>
  </div>
</div>
`;
